// Jest Snapshot v1, https://goo.gl/fbAQLP

exports[`should render bouldering guidance correctly 1`] = `
"<div>
  <h2 className=\\"terms-header text-center mb-5\\">
    Bouldering
  </h2>
  <p className=\\"text-center\\">
    1 star bouldering - I’m a complete beginner. I don’t know what the V scale is but I want to try climbing.
  </p>
  <p className=\\"text-center\\">
    2 star bouldering - I have some bouldering experience but I can only manage entry level routes. V0-V2
  </p>
  <p className=\\"text-center\\">
    3 star bouldering - I’m experienced and I like to explore intermediate difficulty routes. V3-V6.
  </p>
  <p className=\\"text-center\\">
    4 star bouldering - I’m an advanced climber and I like high technical difficulty. V7-V10.
  </p>
  <p className=\\"text-center\\">
    5 star bouldering - Very strong climber looking for the hardest challenges. V11+
  </p>
</div>"
`;
