// Jest Snapshot v1, https://goo.gl/fbAQLP

exports[`should render general sports guidance correctly 1`] = `
"<div>
  <h2 className=\\"terms-header text-center mb-5\\">
    General
  </h2>
  <p className=\\"text-center\\">
    1 star - No competetive experience, I might not know the rules, and I don’t care, I just want to have fun.
  </p>
  <p className=\\"text-center\\">
    2 star - A little, not a lot, I have some basic understanding but I’m not very good, but thats ok!
  </p>
  <p className=\\"text-center\\">
    3 star - I know the rules and I have a little experience. I’m up for some light competition and a friendly game.
  </p>
  <p className=\\"text-center\\">
    4 star - I want to win. I have the energy and the skills to do my best and make a good and fair game.
  </p>
  <p className=\\"text-center\\">
    5 star - Go hard or go home. I take this sport seriously and I want to play with those at the highest level.
  </p>
</div>"
`;
