// Jest Snapshot v1, https://goo.gl/fbAQLP

exports[`should render success page correctly 1`] = `
"<div className=\\"container-fluid silver-background\\">
  <div>
    .
  </div>
  <div className=\\"desktop-container\\">
    <h1 className=\\"header-with-login-visible\\">
      MYSPORTS
    </h1>
    <div className=\\"form-box\\">
      <div className=\\"row justify-content-center\\">
        <i className=\\"material-icons md-48 success-symbol forgot-password-success\\">
          done
        </i>
        <p className=\\"forgot-password-success-message\\" />
      </div>
    </div>
    <div className=\\"row justify-content-center\\">
      <p className=\\"col\\">
        <Link className=\\"back-to-login-button\\" to=\\"/dashboard\\">
          Back to Home
        </Link>
      </p>
    </div>
  </div>
</div>"
`;
