// Jest Snapshot v1, https://goo.gl/fbAQLP

exports[`should render yoga guidance correctly 1`] = `
<div>
  <h2
    className="terms-header text-center mb-5"
  >
    Yoga
  </h2>
  <p
    className="text-center"
  >
    1 star yoga - I’m a complete beginner but I’m open to new experiences at a slow pace.
  </p>
  <p
    className="text-center"
  >
    2 star yoga - I have done yoga a few times and I am familiar with some of the poses. But I am still learning.
  </p>
  <p
    className="text-center"
  >
    3 star yoga - I have a good understanding of the basics and I know how to control my breath.
  </p>
  <p
    className="text-center"
  >
    4 star yoga - I’m developing advanced techniques and poses and I am mastering my breath and movement relationship. I enjoy longer and more difficult sessions.
  </p>
  <p
    className="text-center"
  >
    5 star yoga - I have been a devoted student of yoga for many years and my body and mind are capable of the highest forms of yoga practise.
  </p>
</div>
`;
